mysql> \. employee.sql
ERROR 1051 (42S02): Unknown table 'csit115.employee'
Query OK, 0 rows affected (0.28 sec)

Query OK, 1 row affected (0.03 sec)

Query OK, 1 row affected (0.01 sec)

Query OK, 1 row affected (0.07 sec)

Query OK, 1 row affected (0.04 sec)

Query OK, 0 rows affected (0.00 sec)

+------+-------------+----------+
| enum | skill       | hobby    |
+------+-------------+----------+
|    7 | cooking     | hiking   |
|    7 | cooking     | swimming |
|    7 | programming | hiking   |
|    7 | programming | swimming |
+------+-------------+----------+
4 rows in set (0.00 sec)

Query OK, 0 rows affected (0.14 sec)

mysql> ./suppcomp.sql
    -> ;
ERROR 1064 (42000): You have an error in your SQL syntax; check the manual that corresponds to your MySQL server version for the right syntax to use near './suppcomp.sql' at line 1
mysql> .\ suppcomp.sql
ERROR: 
Unknown command '\ '.
    -> ;
ERROR 1064 (42000): You have an error in your SQL syntax; check the manual that corresponds to your MySQL server version for the right syntax to use near '.\ suppcomp.sql' at line 1
mysql> source suppcomp.sql;
ERROR 1051 (42S02): Unknown table 'csit115.supplier'
ERROR 1051 (42S02): Unknown table 'csit115.company'
Query OK, 0 rows affected (0.24 sec)

Query OK, 0 rows affected (0.24 sec)

Query OK, 1 row affected (0.01 sec)

Query OK, 1 row affected (0.02 sec)

Query OK, 1 row affected (0.07 sec)

Query OK, 1 row affected (0.04 sec)

Query OK, 1 row affected (0.01 sec)

Query OK, 1 row affected (0.07 sec)

Query OK, 0 rows affected (0.00 sec)

+-------+-------+
| sname | city  |
+-------+-------+
| Harry | Paris |
| James | Paris |
| Robin | Rome  |
+-------+-------+
3 rows in set (0.01 sec)

+--------------+-------+
| cname        | city  |
+--------------+-------+
| Golden Bolts | Paris |
| Golden Bolts | Rome  |
| Lazy Lobster | Rome  |
+--------------+-------+
3 rows in set (0.00 sec)

+-------+-------+--------------+-------+
| sname | city  | cname        | city  |
+-------+-------+--------------+-------+
| Harry | Paris | Golden Bolts | Paris |
| James | Paris | Golden Bolts | Paris |
| Robin | Rome  | Golden Bolts | Rome  |
| Robin | Rome  | Lazy Lobster | Rome  |
+-------+-------+--------------+-------+
4 rows in set (0.08 sec)

Query OK, 0 rows affected (0.21 sec)

Query OK, 0 rows affected (0.13 sec)

mysql> tee suppcomp.lst
